11:03:37 **** Build of configuration Debug for project 002PeriClockEnable ****
make -j8 all 
arm-none-eabi-gcc "../Src/main.c" -mcpu=cortex-m4 -std=gnu11 -g3 -DDEBUG -DSTM32 -DSTM32F429ZITx -DSTM32F4 -c -I../Inc -O0 -ffunction-sections -fdata-sections -Wall -fstack-usage -fcyclomatic-complexity -MMD -MP -MF"Src/main.d" -MT"Src/main.o" --specs=nano.specs -mfpu=fpv4-sp-d16 -mfloat-abi=hard -mthumb -o "Src/main.o"
arm-none-eabi-gcc -o "002PeriClockEnable.elf" @"objects.list"   -mcpu=cortex-m4 -T"/home/viruple/Projects/STM32F429_CortexM4/MCU1 - Embedded Driver Development/002PeriClockEnable/STM32F429ZITX_FLASH.ld" --specs=nosys.specs -Wl,-Map="002PeriClockEnable.map" -Wl,--gc-sections -static --specs=nano.specs -mfpu=fpv4-sp-d16 -mfloat-abi=hard -mthumb -Wl,--start-group -lc -lm -Wl,--end-group
Finished building target: 002PeriClockEnable.elf
 
arm-none-eabi-size  002PeriClockEnable.elf 
arm-none-eabi-objdump -h -S 002PeriClockEnable.elf  > "002PeriClockEnable.list"
   text	   data	    bss	    dec	    hex	filename
    720	      8	   1568	   2296	    8f8	002PeriClockEnable.elf
Finished building: default.size.stdout
 
Finished building: 002PeriClockEnable.list
 

11:03:38 Build Finished. 0 errors, 0 warnings. (took 843ms)

