10:34:19 **** Incremental Build of configuration Debug for project stm32f429_drivers ****
make -j8 all 
arm-none-eabi-gcc "../drivers/src/stm32f429_gpio_driver.c" -mcpu=cortex-m4 -std=gnu11 -g3 -DDEBUG -DSTM32 -DSTM32F429ZITx -DSTM32F4 -c -I../Inc -I"/home/viruple/Projects/STM32F429_CortexM4/MCU1 - Embedded Driver Development/stm32f429_drivers/drivers/inc" -O0 -ffunction-sections -fdata-sections -Wall -fstack-usage -fcyclomatic-complexity -MMD -MP -MF"drivers/src/stm32f429_gpio_driver.d" -MT"drivers/src/stm32f429_gpio_driver.o" --specs=nano.specs -mfpu=fpv4-sp-d16 -mfloat-abi=hard -mthumb -o "drivers/src/stm32f429_gpio_driver.o"
arm-none-eabi-gcc -o "stm32f429_drivers.elf" @"objects.list"   -mcpu=cortex-m4 -T"/home/viruple/Projects/STM32F429_CortexM4/MCU1 - Embedded Driver Development/stm32f429_drivers/STM32F429ZITX_FLASH.ld" --specs=nosys.specs -Wl,-Map="stm32f429_drivers.map" -Wl,--gc-sections -static --specs=nano.specs -mfpu=fpv4-sp-d16 -mfloat-abi=hard -mthumb -Wl,--start-group -lc -lm -Wl,--end-group
Finished building target: stm32f429_drivers.elf
 
arm-none-eabi-size  stm32f429_drivers.elf 
arm-none-eabi-objdump -h -S stm32f429_drivers.elf  > "stm32f429_drivers.list"
   text	   data	    bss	    dec	    hex	filename
    680	      8	   1568	   2256	    8d0	stm32f429_drivers.elf
Finished building: default.size.stdout
 
Finished building: stm32f429_drivers.list
 
10:34:31 **** Incremental Build of configuration Debug for project stm32f429_drivers ****
make -j8 all 
arm-none-eabi-size  stm32f429_drivers.elf 
   text	   data	    bss	    dec	    hex	filename
    680	      8	   1568	   2256	    8d0	stm32f429_drivers.elf
Finished building: default.size.stdout
 
09:06:08 **** Incremental Build of configuration Debug for project stm32f429_drivers ****
make -j8 all 
arm-none-eabi-gcc "../drivers/src/stm32f429_gpio_driver.c" -mcpu=cortex-m4 -std=gnu11 -g3 -DDEBUG -DSTM32 -DSTM32F429ZITx -DSTM32F4 -c -I../Inc -I"/home/viruple/Projects/STM32F429_CortexM4/MCU1 - Embedded Driver Development/stm32f429_drivers/drivers/inc" -O0 -ffunction-sections -fdata-sections -Wall -fstack-usage -fcyclomatic-complexity -MMD -MP -MF"drivers/src/stm32f429_gpio_driver.d" -MT"drivers/src/stm32f429_gpio_driver.o" --specs=nano.specs -mfpu=fpv4-sp-d16 -mfloat-abi=hard -mthumb -o "drivers/src/stm32f429_gpio_driver.o"
arm-none-eabi-gcc "../Src/main.c" -mcpu=cortex-m4 -std=gnu11 -g3 -DDEBUG -DSTM32 -DSTM32F429ZITx -DSTM32F4 -c -I../Inc -I"/home/viruple/Projects/STM32F429_CortexM4/MCU1 - Embedded Driver Development/stm32f429_drivers/drivers/inc" -O0 -ffunction-sections -fdata-sections -Wall -fstack-usage -fcyclomatic-complexity -MMD -MP -MF"Src/main.d" -MT"Src/main.o" --specs=nano.specs -mfpu=fpv4-sp-d16 -mfloat-abi=hard -mthumb -o "Src/main.o"
../drivers/src/stm32f429_gpio_driver.c: In function 'GPIO_Init':
../drivers/src/stm32f429_gpio_driver.c:125:14: warning: unused variable 'pinOPType' [-Wunused-variable]
  125 |     uint32_t pinOPType = pGPIOHandle->GPIO_PinConfig.GPIO_PinOPType;
      |              ^~~~~~~~~
arm-none-eabi-gcc -o "stm32f429_drivers.elf" @"objects.list"   -mcpu=cortex-m4 -T"/home/viruple/Projects/STM32F429_CortexM4/MCU1 - Embedded Driver Development/stm32f429_drivers/STM32F429ZITX_FLASH.ld" --specs=nosys.specs -Wl,-Map="stm32f429_drivers.map" -Wl,--gc-sections -static --specs=nano.specs -mfpu=fpv4-sp-d16 -mfloat-abi=hard -mthumb -Wl,--start-group -lc -lm -Wl,--end-group
Finished building target: stm32f429_drivers.elf
 
arm-none-eabi-size  stm32f429_drivers.elf 
arm-none-eabi-objdump -h -S stm32f429_drivers.elf  > "stm32f429_drivers.list"
   text	   data	    bss	    dec	    hex	filename
    680	      8	   1568	   2256	    8d0	stm32f429_drivers.elf
Finished building: default.size.stdout
 
Finished building: stm32f429_drivers.list
 
09:06:40 **** Incremental Build of configuration Debug for project stm32f429_drivers ****
make -j8 all 
arm-none-eabi-gcc "../drivers/src/stm32f429_gpio_driver.c" -mcpu=cortex-m4 -std=gnu11 -g3 -DDEBUG -DSTM32 -DSTM32F429ZITx -DSTM32F4 -c -I../Inc -I"/home/viruple/Projects/STM32F429_CortexM4/MCU1 - Embedded Driver Development/stm32f429_drivers/drivers/inc" -O0 -ffunction-sections -fdata-sections -Wall -fstack-usage -fcyclomatic-complexity -MMD -MP -MF"drivers/src/stm32f429_gpio_driver.d" -MT"drivers/src/stm32f429_gpio_driver.o" --specs=nano.specs -mfpu=fpv4-sp-d16 -mfloat-abi=hard -mthumb -o "drivers/src/stm32f429_gpio_driver.o"
arm-none-eabi-gcc -o "stm32f429_drivers.elf" @"objects.list"   -mcpu=cortex-m4 -T"/home/viruple/Projects/STM32F429_CortexM4/MCU1 - Embedded Driver Development/stm32f429_drivers/STM32F429ZITX_FLASH.ld" --specs=nosys.specs -Wl,-Map="stm32f429_drivers.map" -Wl,--gc-sections -static --specs=nano.specs -mfpu=fpv4-sp-d16 -mfloat-abi=hard -mthumb -Wl,--start-group -lc -lm -Wl,--end-group
Finished building target: stm32f429_drivers.elf
 
arm-none-eabi-size  stm32f429_drivers.elf 
arm-none-eabi-objdump -h -S stm32f429_drivers.elf  > "stm32f429_drivers.list"
   text	   data	    bss	    dec	    hex	filename
    680	      8	   1568	   2256	    8d0	stm32f429_drivers.elf
Finished building: default.size.stdout
 
Finished building: stm32f429_drivers.list
 
